// Jest Snapshot v1, https://goo.gl/fbAQLP

exports[`<App /> renders 1`] = `
<div>
  <div
    role="group"
    style="outline: none; display: none;"
    tabindex="-1"
  />
  <div>
    Loading...
  </div>
</div>
`;
